// Jest Snapshot v1, https://goo.gl/fbAQLP

exports[`BooksFilter should render correctly 1`] = `
<DocumentFragment>
  <div
    class="header MuiBox-root css-0"
  >
    <label
      class="MuiFormControlLabel-root MuiFormControlLabel-labelPlacementEnd css-19opgx6-MuiFormControlLabel-root"
    >
      <span
        class="MuiSwitch-root MuiSwitch-sizeMedium css-rehya9-MuiSwitch-root"
      >
        <span
          class="MuiButtonBase-root MuiSwitch-switchBase MuiSwitch-colorPrimary PrivateSwitchBase-root MuiSwitch-switchBase MuiSwitch-colorPrimary css-161ms7l-MuiButtonBase-root-MuiSwitch-switchBase"
        >
          <input
            class="PrivateSwitchBase-input MuiSwitch-input css-j8yymo"
            type="checkbox"
          />
          <span
            class="MuiSwitch-thumb css-17jyosd-MuiSwitch-thumb"
          />
        </span>
        <span
          class="MuiSwitch-track css-tj8d99-MuiSwitch-track"
        />
      </span>
      <span
        class="MuiTypography-root MuiTypography-body1 MuiFormControlLabel-label css-rizt0-MuiTypography-root"
      >
        Show only private
      </span>
    </label>
    <p
      class="MuiTypography-root MuiTypography-body1 css-rizt0-MuiTypography-root"
    >
      Total Books: 0
    </p>
  </div>
</DocumentFragment>
`;
